node.exe : C:\Users\Ve
dant\Downloads\hack\Ne
uralNomads_PS3\server\
node_modules\twilio\li
b\base\BaseTwilio.js:8
3
At line:1 char:1
+ & "C:\Program Files\
nodejs/node.exe" 
"C:\Program 
Files\nodejs/node_mo 
...
+ ~~~~~~~~~~~~~~~~~~~~
~~~~~~~~~~~~~~~~~~~~~~
~~~~~~~~~~~~~~~~~~~~~~
~~~~~
    + CategoryInfo    
          : NotSpeci  
  fied: (C:\Users\V   
 edant...aseTwilio    
.js:83:String) []    
, RemoteException
    + FullyQualifiedE 
   rrorId : NativeCo  
  mmandError
 
                throw 
new Error("accountSid 
must start with AC" + 
apiKeyMsg);
                      
^

Error: accountSid 
must start with AC
    at 
Twilio.setAccountSid (
C:\Users\Vedant\Downlo
ads\hack\NeuralNomads_
PS3\server\node_module
s\twilio\lib\base\Base
Twilio.js:83:23)
    at new Client (C:\
Users\Vedant\Downloads
\hack\NeuralNomads_PS3
\server\node_modules\t
wilio\lib\base\BaseTwi
lio.js:45:18)
    at new Twilio (C:\
Users\Vedant\Downloads
\hack\NeuralNomads_PS3
\server\node_modules\t
wilio\lib\rest\Twilio.
js:33:9)
    at TwilioSDK (C:\U
sers\Vedant\Downloads\
hack\NeuralNomads_PS3\
server\node_modules\tw
ilio\lib\index.js:55:1
2)
    at Function.<stati
c_initializer> (C:\Use
rs\Vedant\Downloads\ha
ck\NeuralNomads_PS3\se
rver\src\services\twil
io.service.ts:5:29)
    at twilio (C:\User
s\Vedant\Downloads\hac
k\NeuralNomads_PS3\ser
ver\src\services\twili
o.service.ts:2:24)
    at 
Object.<anonymous> (C:
\Users\Vedant\Download
s\hack\NeuralNomads_PS
3\server\src\services\
twilio.service.ts:65:1
)
    at 
Module._compile (node:
internal/modules/cjs/l
oader:1706:14)
    at 
Object.transformer (C:
\Users\Vedant\Download
s\hack\NeuralNomads_PS
3\server\node_modules\
tsx\dist\register-D46f
vsV_.cjs:3:1104)
    at Module.load (no
de:internal/modules/cj
s/loader:1441:32)

Node.js v22.19.0
