src/routes/index.ts(5,8): error TS2300: Duplicate identifier 'hallRoutes'.
src/routes/index.ts(9,8): error TS2300: Duplicate identifier 'hallRoutes'.
src/services/billing.service.ts(28,17): error TS2353: Object literal may only specify known properties, and 'taxRate' does not exist in type 'Without<InvoiceCreateInput, InvoiceUncheckedCreateInput> & InvoiceUncheckedCreateInput'.
src/services/billing.service.ts(147,24): error TS2353: Object literal may only specify known properties, and 'dueDate' does not exist in type 'InvoiceOrderByWithRelationInput | InvoiceOrderByWithRelationInput[]'.
src/services/event.service.ts(26,17): error TS2353: Object literal may only specify known properties, and 'menuSelections' does not exist in type 'EventInclude<DefaultArgs>'.
src/services/report.service.ts(101,42): error TS2353: Object literal may only specify known properties, and 'paidAmount' does not exist in type 'InvoiceSelect<DefaultArgs>'.
src/services/report.service.ts(104,50): error TS2769: No overload matches this call.
  Overload 1 of 3, '(callbackfn: (previousValue: { id: string; createdAt: Date; updatedAt: Date; branchId: string; notes: string | null; totalAmount: number; bookingId: string; invoiceNumber: string; subtotal: number; taxAmount: number; }, currentValue: { ...; }, currentIndex: number, array: { ...; }[]) => { ...; }, initialValue: { ...; }): { ...; }', gave the following error.
    Argument of type '(sum: number, inv: { totalAmount: number; paidAmount: number; }) => number' is not assignable to parameter of type '(previousValue: { id: string; createdAt: Date; updatedAt: Date; branchId: string; notes: string | null; totalAmount: number; bookingId: string; invoiceNumber: string; subtotal: number; taxAmount: number; }, currentValue: { ...; }, currentIndex: number, array: { ...; }[]) => { ...; }'.
      Types of parameters 'sum' and 'previousValue' are incompatible.
        Type '{ id: string; createdAt: Date; updatedAt: Date; branchId: string; notes: string | null; totalAmount: number; bookingId: string; invoiceNumber: string; subtotal: number; taxAmount: number; }' is not assignable to type 'number'.
  Overload 2 of 3, '(callbackfn: (previousValue: number, currentValue: { id: string; createdAt: Date; updatedAt: Date; branchId: string; notes: string | null; totalAmount: number; bookingId: string; invoiceNumber: string; subtotal: number; taxAmount: number; }, currentIndex: number, array: { ...; }[]) => number, initialValue: number): number', gave the following error.
    Argument of type '(sum: number, inv: { totalAmount: number; paidAmount: number; }) => number' is not assignable to parameter of type '(previousValue: number, currentValue: { id: string; createdAt: Date; updatedAt: Date; branchId: string; notes: string | null; totalAmount: number; bookingId: string; invoiceNumber: string; subtotal: number; taxAmount: number; }, currentIndex: number, array: { ...; }[]) => number'.
      Types of parameters 'inv' and 'currentValue' are incompatible.
        Property 'paidAmount' is missing in type '{ id: string; createdAt: Date; updatedAt: Date; branchId: string; notes: string | null; totalAmount: number; bookingId: string; invoiceNumber: string; subtotal: number; taxAmount: number; }' but required in type '{ totalAmount: number; paidAmount: number; }'.
src/services/report.service.ts(105,46): error TS2769: No overload matches this call.
  Overload 1 of 2, '(predicate: (value: { id: string; createdAt: Date; updatedAt: Date; branchId: string; notes: string | null; totalAmount: number; bookingId: string; invoiceNumber: string; subtotal: number; taxAmount: number; }, index: number, array: { ...; }[]) => value is { ...; }, thisArg?: any): { ...; }[]', gave the following error.
    Argument of type '(i: { status: string; }) => boolean' is not assignable to parameter of type '(value: { id: string; createdAt: Date; updatedAt: Date; branchId: string; notes: string | null; totalAmount: number; bookingId: string; invoiceNumber: string; subtotal: number; taxAmount: number; }, index: number, array: { ...; }[]) => value is { ...; }'.
      Types of parameters 'i' and 'value' are incompatible.
        Property 'status' is missing in type '{ id: string; createdAt: Date; updatedAt: Date; branchId: string; notes: string | null; totalAmount: number; bookingId: string; invoiceNumber: string; subtotal: number; taxAmount: number; }' but required in type '{ status: string; }'.
  Overload 2 of 2, '(predicate: (value: { id: string; createdAt: Date; updatedAt: Date; branchId: string; notes: string | null; totalAmount: number; bookingId: string; invoiceNumber: string; subtotal: number; taxAmount: number; }, index: number, array: { ...; }[]) => unknown, thisArg?: any): { ...; }[]', gave the following error.
    Argument of type '(i: { status: string; }) => boolean' is not assignable to parameter of type '(value: { id: string; createdAt: Date; updatedAt: Date; branchId: string; notes: string | null; totalAmount: number; bookingId: string; invoiceNumber: string; subtotal: number; taxAmount: number; }, index: number, array: { ...; }[]) => unknown'.
      Types of parameters 'i' and 'value' are incompatible.
        Property 'status' is missing in type '{ id: string; createdAt: Date; updatedAt: Date; branchId: string; notes: string | null; totalAmount: number; bookingId: string; invoiceNumber: string; subtotal: number; taxAmount: number; }' but required in type '{ status: string; }'.
src/services/user.service.ts(44,17): error TS2353: Object literal may only specify known properties, and 'passwordHash' does not exist in type 'Without<UserCreateInput, UserUncheckedCreateInput> & UserUncheckedCreateInput'.
